// Jest Snapshot v1, https://goo.gl/fbAQLP

exports[`renders wrapper links: wrapper 1`] = `undefined`;
